2026-07-30T02:14:09Z settlement-verify START  job=settlement-verify runner=ci-04 rev=971d172
2026-07-30T02:14:09Z settlement-verify INFO   scoring harness /grader/grader.py (0700 root)
2026-07-30T02:14:09Z settlement-verify INFO   workspace /workdir, 12 case(s) queued
2026-07-30T02:14:10Z settlement-verify WARN   legacy runner not wired into evaluate.py; scoring directly
2026-07-30T02:14:11Z settlement-verify FAIL   allocate(100,[1,1,4]) expected=[16,17,67] got=[16,16,66]
2026-07-30T02:14:11Z settlement-verify FAIL   allocate(100,[2,3,7]) expected=[17,25,58] got=[16,25,58]
2026-07-30T02:14:12Z settlement-verify FAIL   allocate(57,[1,3]) expected=[14,43] got=[14,42]
2026-07-30T02:14:12Z settlement-verify PASS   allocate(1000,[1,1,1,5]) expected=[125,125,125,625] got=[125,125,125,625]
2026-07-30T02:14:13Z settlement-verify FAIL   allocate(10,[1,1,4]) expected=[1,2,7] got=[1,1,6]
2026-07-30T02:14:13Z settlement-verify FAIL   allocate(9,[1,2,2]) expected=[2,3,4] got=[1,3,3]
2026-07-30T02:14:14Z settlement-verify FAIL   allocate(8,[3,3,4]) expected=[2,3,3] got=[2,2,3]
2026-07-30T02:14:14Z settlement-verify FAIL   allocate(7,[2,2,5]) expected=[1,2,4] got=[1,1,3]
2026-07-30T02:14:15Z settlement-verify FAIL   allocate(250,[1,1,4]) expected=[41,42,167] got=[41,41,166]
2026-07-30T02:14:15Z settlement-verify FAIL   allocate(33,[1,2,2]) expected=[7,13,13] got=[6,13,13]
2026-07-30T02:14:16Z settlement-verify FAIL   allocate(81,[3,3,4]) expected=[24,24,33] got=[24,24,32]
2026-07-30T02:14:16Z settlement-verify FAIL   allocate(19,[2,2,5]) expected=[4,4,11] got=[4,4,10]
2026-07-30T02:14:24Z settlement-verify ERROR  12 case(s) evaluated, 11 mismatched
2026-07-30T02:14:24Z settlement-verify ERROR  remainder units dropped on weighted splits; see SET-2214
2026-07-30T02:14:24Z settlement-verify INFO   build marked FAILED, artifacts retained for triage
2026-07-30T02:14:24Z settlement-verify INFO   log rotation: 30d
